[17:52:05] [ServerMain/INFO]: [bootstrap] Running Java 26 (Java HotSpot(TM) 64-Bit Server VM 26.0.1+8-34; Oracle Corporation null) on Windows 11 10.0 (amd64)
[17:52:05] [ServerMain/INFO]: [bootstrap] Loading Paper 1.21.11-132-ver/1.21.11@c5eb079 (2026-05-11T11:43:09Z) for Minecraft 1.21.11
[17:52:05] [ServerMain/INFO]: [PluginInitializerManager] Initializing plugins...
[17:52:06] [ServerMain/INFO]: [PluginInitializerManager] Initialized 1 plugin
[17:52:06] [ServerMain/INFO]: [PluginInitializerManager] Bukkit plugins (1):
 - WorldEdit (7.4.2+7450-eb8e82c)
[17:52:08] [ServerMain/INFO]: Environment: Environment[sessionHost=https://sessionserver.mojang.com, servicesHost=https://api.minecraftservices.com, profilesHost=https://api.mojang.com, name=PROD]
[17:52:08] [ServerMain/INFO]: [ca.spottedleaf.dataconverter.minecraft.datatypes.MCTypeRegistry] Initialising converters for DataConverter...
[17:52:08] [ServerMain/INFO]: [ca.spottedleaf.dataconverter.minecraft.datatypes.MCTypeRegistry] Finished initialising converters for DataConverter in 165,7ms
[17:52:09] [ServerMain/INFO]: Loaded 1470 recipes
[17:52:09] [ServerMain/INFO]: Loaded 1584 advancements
[17:52:09] [Server thread/INFO]: Starting minecraft server version 1.21.11
[17:52:09] [Server thread/INFO]: Loading properties
[17:52:09] [Server thread/INFO]: This server is running Paper version 1.21.11-132-ver/1.21.11@c5eb079 (2026-05-11T11:43:09Z) (Implementing API version 1.21.11-R0.1-SNAPSHOT)
[17:52:09] [Server thread/INFO]: [spark] This server bundles the spark profiler. For more information please visit https://docs.papermc.io/paper/profiling
[17:52:09] [Server thread/INFO]: Using 4 threads for Netty based IO
[17:52:09] [Server thread/INFO]: Server Ping Player Sample Count: 12
[17:52:09] [Server thread/INFO]: [MoonriseCommon] Paper is using 5 worker threads, 1 I/O threads
[17:52:10] [Server thread/INFO]: Default game type: SURVIVAL
[17:52:10] [Server thread/INFO]: Generating keypair
[17:52:10] [Server thread/INFO]: Starting Minecraft server on *:25565
[17:52:10] [Server thread/INFO]: Paper: Using Java compression from Velocity.
[17:52:10] [Server thread/INFO]: Paper: Using Java cipher from Velocity.
[17:52:10] [Server thread/INFO]: [WorldEdit] Loading server plugin WorldEdit v7.4.2+7450-eb8e82c
[17:52:10] [Server thread/INFO]: Got request to register class com.sk89q.worldedit.bukkit.BukkitServerInterface with WorldEdit [com.sk89q.worldedit.extension.platform.PlatformManager@585ea447]
[17:52:10] [Server thread/INFO]: Server permissions file permissions.yml is empty, ignoring it
[17:52:10] [Server thread/INFO]: [WorldEdit] Enabling WorldEdit v7.4.2+7450-eb8e82c
[17:52:10] [Server thread/INFO]: Registering commands with com.sk89q.worldedit.bukkit.BukkitServerInterface
[17:52:10] [Server thread/INFO]: WEPIF: Using the Bukkit Permissions API.
[17:52:10] [Server thread/INFO]: Using com.sk89q.worldedit.bukkit.adapter.impl.v1_21_11.PaperweightAdapter as the Bukkit adapter
[17:52:10] [Server thread/WARN]: **** SERVER IS RUNNING IN OFFLINE/INSECURE MODE!
[17:52:10] [Server thread/WARN]: The server will make no attempt to authenticate usernames. Beware.
[17:52:10] [Server thread/WARN]: While this makes the game possible to play without internet access, it also opens up the ability for hackers to connect with any username they choose.
[17:52:10] [Server thread/WARN]: To change this, set "online-mode" to "true" in the server.properties file.
[17:52:10] [Server thread/INFO]: Preparing level "world_parkour"
[17:52:11] [Server thread/INFO]: Loading 49 persistent chunks for world 'minecraft:overworld'...
[17:52:11] [Server thread/INFO]: Preparing spawn area: 16%
[17:52:11] [Server thread/INFO]: Prepared spawn area in 85 ms
[17:52:11] [Server thread/INFO]: Loading 0 persistent chunks for world 'minecraft:the_nether'...
[17:52:11] [Server thread/INFO]: Prepared spawn area in 0 ms
[17:52:11] [Server thread/INFO]: Loading 0 persistent chunks for world 'minecraft:the_end'...
[17:52:11] [Server thread/INFO]: Prepared spawn area in 2 ms
[17:52:11] [Server thread/INFO]: Done preparing level "world_parkour" (0.497s)
[17:52:11] [Server thread/INFO]: [spark] Starting background profiler...
[17:52:11] [Server thread/INFO]: [spark] The async-profiler engine is not supported for your os/arch (windows11/amd64), so the built-in Java engine will be used instead.
[17:52:11] [Server thread/INFO]: Running delayed init tasks
[17:52:11] [Server thread/INFO]: Done (6.366s)! For help, type "help"
[17:52:11] [Paper Async Task Handler Thread - 1/WARN]: *************************************************************************************
[17:52:11] [Paper Async Task Handler Thread - 1/WARN]: You are running the latest build for your Minecraft version (1.21.11)
[17:52:11] [Paper Async Task Handler Thread - 1/WARN]: However, you are 4 release(s) behind the latest stable release (26.2)!
[17:52:11] [Paper Async Task Handler Thread - 1/WARN]: It is recommended that you update as soon as possible
[17:52:11] [Paper Async Task Handler Thread - 1/WARN]: https://papermc.io/downloads/paper
[17:52:11] [Paper Async Task Handler Thread - 1/WARN]: *************************************************************************************
